  Determining projects to restore...
  All projects are up-to-date for restore.
C:\Users\Sinan\source\repos\MSBarbershop\MSBarbershop.Data\Entities\User.cs(16,23): warning CS0114: 'User.PhoneNumber' hides inherited member 'IdentityUser<string>.PhoneNumber'. To make the current member override that implementation, add the override keyword. Otherwise add the new keyword. [C:\Users\Sinan\source\repos\MSBarbershop\MSBarbershop.Data\MSBarbershop.Data.csproj]
C:\Users\Sinan\source\repos\MSBarbershop\MSBarbershop.Data\Entities\BarberService.cs(12,23): warning CS8618: Non-nullable property 'Barber' must contain a non-null value when exiting constructor. Consider adding the 'required' modifier or declaring the property as nullable. [C:\Users\Sinan\source\repos\MSBarbershop\MSBarbershop.Data\MSBarbershop.Data.csproj]
C:\Users\Sinan\source\repos\MSBarbershop\MSBarbershop.Data\Entities\BarberService.cs(15,24): warning CS8618: Non-nullable property 'Service' must contain a non-null value when exiting constructor. Consider adding the 'required' modifier or declaring the property as nullable. [C:\Users\Sinan\source\repos\MSBarbershop\MSBarbershop.Data\MSBarbershop.Data.csproj]
C:\Users\Sinan\source\repos\MSBarbershop\MSBarbershop.Data\Entities\WorkSchedule.cs(14,23): warning CS8618: Non-nullable property 'Barber' must contain a non-null value when exiting constructor. Consider adding the 'required' modifier or declaring the property as nullable. [C:\Users\Sinan\source\repos\MSBarbershop\MSBarbershop.Data\MSBarbershop.Data.csproj]
C:\Users\Sinan\source\repos\MSBarbershop\MSBarbershop.Data\Entities\Review.cs(10,23): warning CS8618: Non-nullable property 'UserId' must contain a non-null value when exiting constructor. Consider adding the 'required' modifier or declaring the property as nullable. [C:\Users\Sinan\source\repos\MSBarbershop\MSBarbershop.Data\MSBarbershop.Data.csproj]
C:\Users\Sinan\source\repos\MSBarbershop\MSBarbershop.Data\Entities\Review.cs(11,21): warning CS8618: Non-nullable property 'User' must contain a non-null value when exiting constructor. Consider adding the 'required' modifier or declaring the property as nullable. [C:\Users\Sinan\source\repos\MSBarbershop\MSBarbershop.Data\MSBarbershop.Data.csproj]
C:\Users\Sinan\source\repos\MSBarbershop\MSBarbershop.Data\Entities\Review.cs(13,28): warning CS8618: Non-nullable property 'Reservation' must contain a non-null value when exiting constructor. Consider adding the 'required' modifier or declaring the property as nullable. [C:\Users\Sinan\source\repos\MSBarbershop\MSBarbershop.Data\MSBarbershop.Data.csproj]
C:\Users\Sinan\source\repos\MSBarbershop\MSBarbershop.Data\Entities\Review.cs(17,23): warning CS8618: Non-nullable property 'Content' must contain a non-null value when exiting constructor. Consider adding the 'required' modifier or declaring the property as nullable. [C:\Users\Sinan\source\repos\MSBarbershop\MSBarbershop.Data\MSBarbershop.Data.csproj]
C:\Users\Sinan\source\repos\MSBarbershop\MSBarbershop.Data\Entities\Barber.cs(14,23): warning CS8618: Non-nullable property 'FullName' must contain a non-null value when exiting constructor. Consider adding the 'required' modifier or declaring the property as nullable. [C:\Users\Sinan\source\repos\MSBarbershop\MSBarbershop.Data\MSBarbershop.Data.csproj]
C:\Users\Sinan\source\repos\MSBarbershop\MSBarbershop.Data\Entities\Barber.cs(16,23): warning CS8618: Non-nullable property 'PhoneNumber' must contain a non-null value when exiting constructor. Consider adding the 'required' modifier or declaring the property as nullable. [C:\Users\Sinan\source\repos\MSBarbershop\MSBarbershop.Data\MSBarbershop.Data.csproj]
C:\Users\Sinan\source\repos\MSBarbershop\MSBarbershop.Data\Entities\Barber.cs(18,23): warning CS8618: Non-nullable property 'Description' must contain a non-null value when exiting constructor. Consider adding the 'required' modifier or declaring the property as nullable. [C:\Users\Sinan\source\repos\MSBarbershop\MSBarbershop.Data\MSBarbershop.Data.csproj]
C:\Users\Sinan\source\repos\MSBarbershop\MSBarbershop.Data\Entities\Barber.cs(22,23): warning CS8618: Non-nullable property 'ImageUrl' must contain a non-null value when exiting constructor. Consider adding the 'required' modifier or declaring the property as nullable. [C:\Users\Sinan\source\repos\MSBarbershop\MSBarbershop.Data\MSBarbershop.Data.csproj]
C:\Users\Sinan\source\repos\MSBarbershop\MSBarbershop.Data\Entities\Barber.cs(27,41): warning CS8618: Non-nullable property 'Reservations' must contain a non-null value when exiting constructor. Consider adding the 'required' modifier or declaring the property as nullable. [C:\Users\Sinan\source\repos\MSBarbershop\MSBarbershop.Data\MSBarbershop.Data.csproj]
C:\Users\Sinan\source\repos\MSBarbershop\MSBarbershop.Data\Entities\Barber.cs(29,43): warning CS8618: Non-nullable property 'BarberServices' must contain a non-null value when exiting constructor. Consider adding the 'required' modifier or declaring the property as nullable. [C:\Users\Sinan\source\repos\MSBarbershop\MSBarbershop.Data\MSBarbershop.Data.csproj]
C:\Users\Sinan\source\repos\MSBarbershop\MSBarbershop.Data\Entities\Barber.cs(31,42): warning CS8618: Non-nullable property 'WorkSchedules' must contain a non-null value when exiting constructor. Consider adding the 'required' modifier or declaring the property as nullable. [C:\Users\Sinan\source\repos\MSBarbershop\MSBarbershop.Data\MSBarbershop.Data.csproj]
C:\Users\Sinan\source\repos\MSBarbershop\MSBarbershop.Data\Entities\Service.cs(13,23): warning CS8618: Non-nullable property 'Name' must contain a non-null value when exiting constructor. Consider adding the 'required' modifier or declaring the property as nullable. [C:\Users\Sinan\source\repos\MSBarbershop\MSBarbershop.Data\MSBarbershop.Data.csproj]
C:\Users\Sinan\source\repos\MSBarbershop\MSBarbershop.Data\Entities\Service.cs(15,23): warning CS8618: Non-nullable property 'Description' must contain a non-null value when exiting constructor. Consider adding the 'required' modifier or declaring the property as nullable. [C:\Users\Sinan\source\repos\MSBarbershop\MSBarbershop.Data\MSBarbershop.Data.csproj]
C:\Users\Sinan\source\repos\MSBarbershop\MSBarbershop.Data\Entities\Service.cs(21,41): warning CS8618: Non-nullable property 'Reservations' must contain a non-null value when exiting constructor. Consider adding the 'required' modifier or declaring the property as nullable. [C:\Users\Sinan\source\repos\MSBarbershop\MSBarbershop.Data\MSBarbershop.Data.csproj]
C:\Users\Sinan\source\repos\MSBarbershop\MSBarbershop.Data\Entities\Service.cs(23,43): warning CS8618: Non-nullable property 'BarberServices' must contain a non-null value when exiting constructor. Consider adding the 'required' modifier or declaring the property as nullable. [C:\Users\Sinan\source\repos\MSBarbershop\MSBarbershop.Data\MSBarbershop.Data.csproj]
C:\Users\Sinan\source\repos\MSBarbershop\MSBarbershop.Data\Entities\User.cs(14,23): warning CS8618: Non-nullable property 'FirstName' must contain a non-null value when exiting constructor. Consider adding the 'required' modifier or declaring the property as nullable. [C:\Users\Sinan\source\repos\MSBarbershop\MSBarbershop.Data\MSBarbershop.Data.csproj]
C:\Users\Sinan\source\repos\MSBarbershop\MSBarbershop.Data\Entities\User.cs(15,23): warning CS8618: Non-nullable property 'LastName' must contain a non-null value when exiting constructor. Consider adding the 'required' modifier or declaring the property as nullable. [C:\Users\Sinan\source\repos\MSBarbershop\MSBarbershop.Data\MSBarbershop.Data.csproj]
C:\Users\Sinan\source\repos\MSBarbershop\MSBarbershop.Data\Entities\User.cs(16,23): warning CS8618: Non-nullable property 'PhoneNumber' must contain a non-null value when exiting constructor. Consider adding the 'required' modifier or declaring the property as nullable. [C:\Users\Sinan\source\repos\MSBarbershop\MSBarbershop.Data\MSBarbershop.Data.csproj]
C:\Users\Sinan\source\repos\MSBarbershop\MSBarbershop.Data\Entities\Reservation.cs(14,23): warning CS8618: Non-nullable property 'UserId' must contain a non-null value when exiting constructor. Consider adding the 'required' modifier or declaring the property as nullable. [C:\Users\Sinan\source\repos\MSBarbershop\MSBarbershop.Data\MSBarbershop.Data.csproj]
C:\Users\Sinan\source\repos\MSBarbershop\MSBarbershop.Data\Entities\Reservation.cs(15,21): warning CS8618: Non-nullable property 'User' must contain a non-null value when exiting constructor. Consider adding the 'required' modifier or declaring the property as nullable. [C:\Users\Sinan\source\repos\MSBarbershop\MSBarbershop.Data\MSBarbershop.Data.csproj]
C:\Users\Sinan\source\repos\MSBarbershop\MSBarbershop.Data\Entities\Reservation.cs(18,23): warning CS8618: Non-nullable property 'Barber' must contain a non-null value when exiting constructor. Consider adding the 'required' modifier or declaring the property as nullable. [C:\Users\Sinan\source\repos\MSBarbershop\MSBarbershop.Data\MSBarbershop.Data.csproj]
C:\Users\Sinan\source\repos\MSBarbershop\MSBarbershop.Data\Entities\Reservation.cs(21,24): warning CS8618: Non-nullable property 'Service' must contain a non-null value when exiting constructor. Consider adding the 'required' modifier or declaring the property as nullable. [C:\Users\Sinan\source\repos\MSBarbershop\MSBarbershop.Data\MSBarbershop.Data.csproj]
  MSBarbershop.Data -> C:\Users\Sinan\source\repos\MSBarbershop\MSBarbershop.Data\bin\Debug\net8.0\MSBarbershop.Data.dll
C:\Users\Sinan\source\repos\MSBarbershop\MSBarbershop.Core\ViewModels\Review\CreateReviewViewModel.cs(9,19): warning CS8618: Non-nullable property 'Content' must contain a non-null value when exiting constructor. Consider adding the 'required' modifier or declaring the property as nullable. [C:\Users\Sinan\source\repos\MSBarbershop\MSBarbershop.Core\MSBarbershop.Core.csproj]
C:\Users\Sinan\source\repos\MSBarbershop\MSBarbershop.Core\ViewModels\Reservation\MyReservationViewModel.cs(8,19): warning CS8618: Non-nullable property 'BarberName' must contain a non-null value when exiting constructor. Consider adding the 'required' modifier or declaring the property as nullable. [C:\Users\Sinan\source\repos\MSBarbershop\MSBarbershop.Core\MSBarbershop.Core.csproj]
C:\Users\Sinan\source\repos\MSBarbershop\MSBarbershop.Core\ViewModels\Reservation\MyReservationViewModel.cs(10,19): warning CS8618: Non-nullable property 'ServiceName' must contain a non-null value when exiting constructor. Consider adding the 'required' modifier or declaring the property as nullable. [C:\Users\Sinan\source\repos\MSBarbershop\MSBarbershop.Core\MSBarbershop.Core.csproj]
C:\Users\Sinan\source\repos\MSBarbershop\MSBarbershop.Core\ViewModels\Reservation\MyReservationViewModel.cs(13,19): warning CS8618: Non-nullable property 'CustomerName' must contain a non-null value when exiting constructor. Consider adding the 'required' modifier or declaring the property as nullable. [C:\Users\Sinan\source\repos\MSBarbershop\MSBarbershop.Core\MSBarbershop.Core.csproj]
C:\Users\Sinan\source\repos\MSBarbershop\MSBarbershop.Core\ViewModels\Reservation\BarberDashboardViewModel.cs(11,45): warning CS8618: Non-nullable property 'Upcoming' must contain a non-null value when exiting constructor. Consider adding the 'required' modifier or declaring the property as nullable. [C:\Users\Sinan\source\repos\MSBarbershop\MSBarbershop.Core\MSBarbershop.Core.csproj]
C:\Users\Sinan\source\repos\MSBarbershop\MSBarbershop.Core\ViewModels\Reservation\BarberDashboardViewModel.cs(12,45): warning CS8618: Non-nullable property 'Past' must contain a non-null value when exiting constructor. Consider adding the 'required' modifier or declaring the property as nullable. [C:\Users\Sinan\source\repos\MSBarbershop\MSBarbershop.Core\MSBarbershop.Core.csproj]
C:\Users\Sinan\source\repos\MSBarbershop\MSBarbershop.Core\ViewModels\ProfileViewModel.cs(8,23): warning CS8618: Non-nullable property 'FirstName' must contain a non-null value when exiting constructor. Consider adding the 'required' modifier or declaring the property as nullable. [C:\Users\Sinan\source\repos\MSBarbershop\MSBarbershop.Core\MSBarbershop.Core.csproj]
C:\Users\Sinan\source\repos\MSBarbershop\MSBarbershop.Core\ViewModels\ProfileViewModel.cs(11,23): warning CS8618: Non-nullable property 'LastName' must contain a non-null value when exiting constructor. Consider adding the 'required' modifier or declaring the property as nullable. [C:\Users\Sinan\source\repos\MSBarbershop\MSBarbershop.Core\MSBarbershop.Core.csproj]
C:\Users\Sinan\source\repos\MSBarbershop\MSBarbershop.Core\ViewModels\Barber\EditBarberViewModel.cs(11,23): warning CS8618: Non-nullable property 'FullName' must contain a non-null value when exiting constructor. Consider adding the 'required' modifier or declaring the property as nullable. [C:\Users\Sinan\source\repos\MSBarbershop\MSBarbershop.Core\MSBarbershop.Core.csproj]
C:\Users\Sinan\source\repos\MSBarbershop\MSBarbershop.Core\ViewModels\Barber\EditBarberViewModel.cs(15,23): warning CS8618: Non-nullable property 'PhoneNumber' must contain a non-null value when exiting constructor. Consider adding the 'required' modifier or declaring the property as nullable. [C:\Users\Sinan\source\repos\MSBarbershop\MSBarbershop.Core\MSBarbershop.Core.csproj]
C:\Users\Sinan\source\repos\MSBarbershop\MSBarbershop.Core\ViewModels\Barber\EditBarberViewModel.cs(19,23): warning CS8618: Non-nullable property 'Description' must contain a non-null value when exiting constructor. Consider adding the 'required' modifier or declaring the property as nullable. [C:\Users\Sinan\source\repos\MSBarbershop\MSBarbershop.Core\MSBarbershop.Core.csproj]
C:\Users\Sinan\source\repos\MSBarbershop\MSBarbershop.Core\ViewModels\Barber\EditBarberViewModel.cs(22,23): warning CS8618: Non-nullable property 'ImageUrl' must contain a non-null value when exiting constructor. Consider adding the 'required' modifier or declaring the property as nullable. [C:\Users\Sinan\source\repos\MSBarbershop\MSBarbershop.Core\MSBarbershop.Core.csproj]
C:\Users\Sinan\source\repos\MSBarbershop\MSBarbershop.Core\ViewModels\Barber\CreateBarberViewModel.cs(9,23): warning CS8618: Non-nullable property 'FullName' must contain a non-null value when exiting constructor. Consider adding the 'required' modifier or declaring the property as nullable. [C:\Users\Sinan\source\repos\MSBarbershop\MSBarbershop.Core\MSBarbershop.Core.csproj]
C:\Users\Sinan\source\repos\MSBarbershop\MSBarbershop.Core\ViewModels\Barber\CreateBarberViewModel.cs(13,23): warning CS8618: Non-nullable property 'PhoneNumber' must contain a non-null value when exiting constructor. Consider adding the 'required' modifier or declaring the property as nullable. [C:\Users\Sinan\source\repos\MSBarbershop\MSBarbershop.Core\MSBarbershop.Core.csproj]
C:\Users\Sinan\source\repos\MSBarbershop\MSBarbershop.Core\ViewModels\Barber\CreateBarberViewModel.cs(16,23): warning CS8618: Non-nullable property 'Description' must contain a non-null value when exiting constructor. Consider adding the 'required' modifier or declaring the property as nullable. [C:\Users\Sinan\source\repos\MSBarbershop\MSBarbershop.Core\MSBarbershop.Core.csproj]
C:\Users\Sinan\source\repos\MSBarbershop\MSBarbershop.Core\ViewModels\Barber\CreateBarberViewModel.cs(20,23): warning CS8618: Non-nullable property 'ImageUrl' must contain a non-null value when exiting constructor. Consider adding the 'required' modifier or declaring the property as nullable. [C:\Users\Sinan\source\repos\MSBarbershop\MSBarbershop.Core\MSBarbershop.Core.csproj]
C:\Users\Sinan\source\repos\MSBarbershop\MSBarbershop.Core\ViewModels\Reservation\MyReservationsPageViewModel.cs(5,45): warning CS8618: Non-nullable property 'Upcoming' must contain a non-null value when exiting constructor. Consider adding the 'required' modifier or declaring the property as nullable. [C:\Users\Sinan\source\repos\MSBarbershop\MSBarbershop.Core\MSBarbershop.Core.csproj]
C:\Users\Sinan\source\repos\MSBarbershop\MSBarbershop.Core\ViewModels\Reservation\MyReservationsPageViewModel.cs(6,45): warning CS8618: Non-nullable property 'Past' must contain a non-null value when exiting constructor. Consider adding the 'required' modifier or declaring the property as nullable. [C:\Users\Sinan\source\repos\MSBarbershop\MSBarbershop.Core\MSBarbershop.Core.csproj]
C:\Users\Sinan\source\repos\MSBarbershop\MSBarbershop.Core\ViewModels\Service\EditServiceViewModel.cs(10,23): warning CS8618: Non-nullable property 'Name' must contain a non-null value when exiting constructor. Consider adding the 'required' modifier or declaring the property as nullable. [C:\Users\Sinan\source\repos\MSBarbershop\MSBarbershop.Core\MSBarbershop.Core.csproj]
C:\Users\Sinan\source\repos\MSBarbershop\MSBarbershop.Core\ViewModels\Service\EditServiceViewModel.cs(12,23): warning CS8618: Non-nullable property 'Description' must contain a non-null value when exiting constructor. Consider adding the 'required' modifier or declaring the property as nullable. [C:\Users\Sinan\source\repos\MSBarbershop\MSBarbershop.Core\MSBarbershop.Core.csproj]
C:\Users\Sinan\source\repos\MSBarbershop\MSBarbershop.Core\ViewModels\Service\CreateServiceViewModel.cs(9,23): warning CS8618: Non-nullable property 'Name' must contain a non-null value when exiting constructor. Consider adding the 'required' modifier or declaring the property as nullable. [C:\Users\Sinan\source\repos\MSBarbershop\MSBarbershop.Core\MSBarbershop.Core.csproj]
C:\Users\Sinan\source\repos\MSBarbershop\MSBarbershop.Core\ViewModels\Service\CreateServiceViewModel.cs(12,23): warning CS8618: Non-nullable property 'Description' must contain a non-null value when exiting constructor. Consider adding the 'required' modifier or declaring the property as nullable. [C:\Users\Sinan\source\repos\MSBarbershop\MSBarbershop.Core\MSBarbershop.Core.csproj]
C:\Users\Sinan\source\repos\MSBarbershop\MSBarbershop.Core\ViewModels\Reservation\CreateReservationViewModel.cs(21,23): warning CS8618: Non-nullable property 'PhoneNumber' must contain a non-null value when exiting constructor. Consider adding the 'required' modifier or declaring the property as nullable. [C:\Users\Sinan\source\repos\MSBarbershop\MSBarbershop.Core\MSBarbershop.Core.csproj]
C:\Users\Sinan\source\repos\MSBarbershop\MSBarbershop.Core\Services\ReservationService.cs(79,49): warning CS8602: Dereference of a possibly null reference. [C:\Users\Sinan\source\repos\MSBarbershop\MSBarbershop.Core\MSBarbershop.Core.csproj]
C:\Users\Sinan\source\repos\MSBarbershop\MSBarbershop.Core\Services\ReservationService.cs(137,58): warning CS8602: Dereference of a possibly null reference. [C:\Users\Sinan\source\repos\MSBarbershop\MSBarbershop.Core\MSBarbershop.Core.csproj]
  MSBarbershop.Core -> C:\Users\Sinan\source\repos\MSBarbershop\MSBarbershop.Core\bin\Debug\net8.0\MSBarbershop.Core.dll
C:\Program Files\dotnet\sdk\9.0.305\Microsoft.Common.CurrentVersion.targets(2433,5): warning MSB3277: Found conflicts between different versions of "Microsoft.EntityFrameworkCore" that could not be resolved. [C:\Users\Sinan\source\repos\MSBarbershop\MSBarbershop.Tests\MSBarbershop.Tests.csproj]
C:\Program Files\dotnet\sdk\9.0.305\Microsoft.Common.CurrentVersion.targets(2433,5): warning MSB3277: There was a conflict between "Microsoft.EntityFrameworkCore, Version=8.0.22.0, Culture=neutral, PublicKeyToken=adb9793829ddae60" and "Microsoft.EntityFrameworkCore, Version=8.0.23.0, Culture=neutral, PublicKeyToken=adb9793829ddae60". [C:\Users\Sinan\source\repos\MSBarbershop\MSBarbershop.Tests\MSBarbershop.Tests.csproj]
C:\Program Files\dotnet\sdk\9.0.305\Microsoft.Common.CurrentVersion.targets(2433,5): warning MSB3277:     "Microsoft.EntityFrameworkCore, Version=8.0.22.0, Culture=neutral, PublicKeyToken=adb9793829ddae60" was chosen because it was primary and "Microsoft.EntityFrameworkCore, Version=8.0.23.0, Culture=neutral, PublicKeyToken=adb9793829ddae60" was not. [C:\Users\Sinan\source\repos\MSBarbershop\MSBarbershop.Tests\MSBarbershop.Tests.csproj]
C:\Program Files\dotnet\sdk\9.0.305\Microsoft.Common.CurrentVersion.targets(2433,5): warning MSB3277:     References which depend on "Microsoft.EntityFrameworkCore, Version=8.0.22.0, Culture=neutral, PublicKeyToken=adb9793829ddae60" [C:\Users\Sinan\.nuget\packages\microsoft.entityframeworkcore\8.0.22\lib\net8.0\Microsoft.EntityFrameworkCore.dll]. [C:\Users\Sinan\source\repos\MSBarbershop\MSBarbershop.Tests\MSBarbershop.Tests.csproj]
C:\Program Files\dotnet\sdk\9.0.305\Microsoft.Common.CurrentVersion.targets(2433,5): warning MSB3277:         C:\Users\Sinan\.nuget\packages\microsoft.entityframeworkcore\8.0.22\lib\net8.0\Microsoft.EntityFrameworkCore.dll [C:\Users\Sinan\source\repos\MSBarbershop\MSBarbershop.Tests\MSBarbershop.Tests.csproj]
C:\Program Files\dotnet\sdk\9.0.305\Microsoft.Common.CurrentVersion.targets(2433,5): warning MSB3277:           Project file item includes which caused reference "C:\Users\Sinan\.nuget\packages\microsoft.entityframeworkcore\8.0.22\lib\net8.0\Microsoft.EntityFrameworkCore.dll". [C:\Users\Sinan\source\repos\MSBarbershop\MSBarbershop.Tests\MSBarbershop.Tests.csproj]
C:\Program Files\dotnet\sdk\9.0.305\Microsoft.Common.CurrentVersion.targets(2433,5): warning MSB3277:             C:\Users\Sinan\.nuget\packages\microsoft.entityframeworkcore\8.0.22\lib\net8.0\Microsoft.EntityFrameworkCore.dll [C:\Users\Sinan\source\repos\MSBarbershop\MSBarbershop.Tests\MSBarbershop.Tests.csproj]
C:\Program Files\dotnet\sdk\9.0.305\Microsoft.Common.CurrentVersion.targets(2433,5): warning MSB3277:     References which depend on or have been unified to "Microsoft.EntityFrameworkCore, Version=8.0.23.0, Culture=neutral, PublicKeyToken=adb9793829ddae60" []. [C:\Users\Sinan\source\repos\MSBarbershop\MSBarbershop.Tests\MSBarbershop.Tests.csproj]
C:\Program Files\dotnet\sdk\9.0.305\Microsoft.Common.CurrentVersion.targets(2433,5): warning MSB3277:         C:\Users\Sinan\source\repos\MSBarbershop\MSBarbershop.Core\bin\Debug\net8.0\MSBarbershop.Core.dll [C:\Users\Sinan\source\repos\MSBarbershop\MSBarbershop.Tests\MSBarbershop.Tests.csproj]
C:\Program Files\dotnet\sdk\9.0.305\Microsoft.Common.CurrentVersion.targets(2433,5): warning MSB3277:           Project file item includes which caused reference "C:\Users\Sinan\source\repos\MSBarbershop\MSBarbershop.Core\bin\Debug\net8.0\MSBarbershop.Core.dll". [C:\Users\Sinan\source\repos\MSBarbershop\MSBarbershop.Tests\MSBarbershop.Tests.csproj]
C:\Program Files\dotnet\sdk\9.0.305\Microsoft.Common.CurrentVersion.targets(2433,5): warning MSB3277:             C:\Users\Sinan\source\repos\MSBarbershop\MSBarbershop.Core\bin\Debug\net8.0\MSBarbershop.Core.dll [C:\Users\Sinan\source\repos\MSBarbershop\MSBarbershop.Tests\MSBarbershop.Tests.csproj]
C:\Program Files\dotnet\sdk\9.0.305\Microsoft.Common.CurrentVersion.targets(2433,5): warning MSB3277:         C:\Users\Sinan\source\repos\MSBarbershop\MSBarbershop.Data\bin\Debug\net8.0\MSBarbershop.Data.dll [C:\Users\Sinan\source\repos\MSBarbershop\MSBarbershop.Tests\MSBarbershop.Tests.csproj]
C:\Program Files\dotnet\sdk\9.0.305\Microsoft.Common.CurrentVersion.targets(2433,5): warning MSB3277:           Project file item includes which caused reference "C:\Users\Sinan\source\repos\MSBarbershop\MSBarbershop.Data\bin\Debug\net8.0\MSBarbershop.Data.dll". [C:\Users\Sinan\source\repos\MSBarbershop\MSBarbershop.Tests\MSBarbershop.Tests.csproj]
C:\Program Files\dotnet\sdk\9.0.305\Microsoft.Common.CurrentVersion.targets(2433,5): warning MSB3277:             C:\Users\Sinan\source\repos\MSBarbershop\MSBarbershop.Data\bin\Debug\net8.0\MSBarbershop.Data.dll [C:\Users\Sinan\source\repos\MSBarbershop\MSBarbershop.Tests\MSBarbershop.Tests.csproj]
C:\Program Files\dotnet\sdk\9.0.305\Microsoft.Common.CurrentVersion.targets(2433,5): warning MSB3277:             C:\Users\Sinan\source\repos\MSBarbershop\MSBarbershop.Core\bin\Debug\net8.0\MSBarbershop.Core.dll [C:\Users\Sinan\source\repos\MSBarbershop\MSBarbershop.Tests\MSBarbershop.Tests.csproj]
  MSBarbershop.Tests -> C:\Users\Sinan\source\repos\MSBarbershop\MSBarbershop.Tests\bin\Debug\net8.0\MSBarbershop.Tests.dll
Test run for C:\Users\Sinan\source\repos\MSBarbershop\MSBarbershop.Tests\bin\Debug\net8.0\MSBarbershop.Tests.dll (.NETCoreApp,Version=v8.0)
VSTest version 17.14.1 (x64)

Starting test execution, please wait...
A total of 1 test files matched the specified pattern.
C:\Users\Sinan\source\repos\MSBarbershop\MSBarbershop.Tests\bin\Debug\net8.0\MSBarbershop.Tests.dll
[xUnit.net 00:00:00.00] xUnit.net VSTest Adapter v2.8.2+699d445a1a (64-bit .NET 8.0.20)
[xUnit.net 00:00:00.23]   Discovering: MSBarbershop.Tests
[xUnit.net 00:00:00.25]   Discovered:  MSBarbershop.Tests
[xUnit.net 00:00:00.25]   Starting:    MSBarbershop.Tests
[xUnit.net 00:00:00.61]       Microsoft.EntityFrameworkCore.DbUpdateException : Required properties '{'UserId'}' are missing for the instance of entity type 'Reservation'. Consider using 'DbContextOptionsBuilder.EnableSensitiveDataLogging' to see the entity key value.
[xUnit.net 00:00:00.61]       Stack Trace:
[xUnit.net 00:00:00.61]            at Microsoft.EntityFrameworkCore.InMemory.Storage.Internal.InMemoryTable`1.ThrowNullabilityErrorException(IUpdateEntry entry, IList`1 nullabilityErrors)
[xUnit.net 00:00:00.61]            at Microsoft.EntityFrameworkCore.InMemory.Storage.Internal.InMemoryTable`1.Create(IUpdateEntry entry, IDiagnosticsLogger`1 updateLogger)
[xUnit.net 00:00:00.61]            at Microsoft.EntityFrameworkCore.InMemory.Storage.Internal.InMemoryStore.ExecuteTransaction(IList`1 entries, IDiagnosticsLogger`1 updateLogger)
[xUnit.net 00:00:00.61]            at Microsoft.EntityFrameworkCore.InMemory.Storage.Internal.InMemoryDatabase.SaveChangesAsync(IList`1 entries, CancellationToken cancellationToken)
[xUnit.net 00:00:00.61]            at Microsoft.EntityFrameworkCore.ChangeTracking.Internal.StateManager.SaveChangesAsync(IList`1 entriesToSave, CancellationToken cancellationToken)
[xUnit.net 00:00:00.61]            at Microsoft.EntityFrameworkCore.ChangeTracking.Internal.StateManager.SaveChangesAsync(StateManager stateManager, Boolean acceptAllChangesOnSuccess, CancellationToken cancellationToken)
[xUnit.net 00:00:00.61]            at Microsoft.EntityFrameworkCore.DbContext.SaveChangesAsync(Boolean acceptAllChangesOnSuccess, CancellationToken cancellationToken)
[xUnit.net 00:00:00.61]            at Microsoft.EntityFrameworkCore.DbContext.SaveChangesAsync(Boolean acceptAllChangesOnSuccess, CancellationToken cancellationToken)
[xUnit.net 00:00:00.61]         C:\Users\Sinan\source\repos\MSBarbershop\MSBarbershop.Tests\BarbersServiceTests.cs(98,0): at MSBarbershop.Tests.BarbersServiceTests.GetCompletedReservationsCount_ReturnsCorrectCount()
[xUnit.net 00:00:00.61]         --- End of stack trace from previous location ---
[xUnit.net 00:00:00.62]       Microsoft.EntityFrameworkCore.DbUpdateException : Required properties '{'Description', 'ImageUrl', 'PhoneNumber'}' are missing for the instance of entity type 'Barber'. Consider using 'DbContextOptionsBuilder.EnableSensitiveDataLogging' to see the entity key value.
[xUnit.net 00:00:00.62]       Stack Trace:
[xUnit.net 00:00:00.62]            at Microsoft.EntityFrameworkCore.InMemory.Storage.Internal.InMemoryTable`1.ThrowNullabilityErrorException(IUpdateEntry entry, IList`1 nullabilityErrors)
[xUnit.net 00:00:00.62]            at Microsoft.EntityFrameworkCore.InMemory.Storage.Internal.InMemoryTable`1.Create(IUpdateEntry entry, IDiagnosticsLogger`1 updateLogger)
[xUnit.net 00:00:00.62]            at Microsoft.EntityFrameworkCore.InMemory.Storage.Internal.InMemoryStore.ExecuteTransaction(IList`1 entries, IDiagnosticsLogger`1 updateLogger)
[xUnit.net 00:00:00.62]            at Microsoft.EntityFrameworkCore.InMemory.Storage.Internal.InMemoryDatabase.SaveChangesAsync(IList`1 entries, CancellationToken cancellationToken)
[xUnit.net 00:00:00.62]            at Microsoft.EntityFrameworkCore.ChangeTracking.Internal.StateManager.SaveChangesAsync(IList`1 entriesToSave, CancellationToken cancellationToken)
[xUnit.net 00:00:00.62]            at Microsoft.EntityFrameworkCore.ChangeTracking.Internal.StateManager.SaveChangesAsync(StateManager stateManager, Boolean acceptAllChangesOnSuccess, CancellationToken cancellationToken)
[xUnit.net 00:00:00.62]            at Microsoft.EntityFrameworkCore.DbContext.SaveChangesAsync(Boolean acceptAllChangesOnSuccess, CancellationToken cancellationToken)
[xUnit.net 00:00:00.62]            at Microsoft.EntityFrameworkCore.DbContext.SaveChangesAsync(Boolean acceptAllChangesOnSuccess, CancellationToken cancellationToken)
[xUnit.net 00:00:00.62]         C:\Users\Sinan\source\repos\MSBarbershop\MSBarbershop.Tests\ReservationServiceTests.cs(39,0): at MSBarbershop.Tests.ReservationServiceTests.GetUserReservations_ReturnsCorrectData()
[xUnit.net 00:00:00.62]         --- End of stack trace from previous location ---
[xUnit.net 00:00:00.62]       Microsoft.EntityFrameworkCore.DbUpdateException : Required properties '{'Description'}' are missing for the instance of entity type 'Service'. Consider using 'DbContextOptionsBuilder.EnableSensitiveDataLogging' to see the entity key value.
[xUnit.net 00:00:00.62]       Stack Trace:
[xUnit.net 00:00:00.62]            at Microsoft.EntityFrameworkCore.InMemory.Storage.Internal.InMemoryTable`1.ThrowNullabilityErrorException(IUpdateEntry entry, IList`1 nullabilityErrors)
[xUnit.net 00:00:00.62]            at Microsoft.EntityFrameworkCore.InMemory.Storage.Internal.InMemoryTable`1.Create(IUpdateEntry entry, IDiagnosticsLogger`1 updateLogger)
[xUnit.net 00:00:00.62]            at Microsoft.EntityFrameworkCore.InMemory.Storage.Internal.InMemoryStore.ExecuteTransaction(IList`1 entries, IDiagnosticsLogger`1 updateLogger)
[xUnit.net 00:00:00.62]            at Microsoft.EntityFrameworkCore.InMemory.Storage.Internal.InMemoryDatabase.SaveChangesAsync(IList`1 entries, CancellationToken cancellationToken)
[xUnit.net 00:00:00.62]            at Microsoft.EntityFrameworkCore.ChangeTracking.Internal.StateManager.SaveChangesAsync(IList`1 entriesToSave, CancellationToken cancellationToken)
[xUnit.net 00:00:00.62]            at Microsoft.EntityFrameworkCore.ChangeTracking.Internal.StateManager.SaveChangesAsync(StateManager stateManager, Boolean acceptAllChangesOnSuccess, CancellationToken cancellationToken)
[xUnit.net 00:00:00.62]            at Microsoft.EntityFrameworkCore.DbContext.SaveChangesAsync(Boolean acceptAllChangesOnSuccess, CancellationToken cancellationToken)
[xUnit.net 00:00:00.62]            at Microsoft.EntityFrameworkCore.DbContext.SaveChangesAsync(Boolean acceptAllChangesOnSuccess, CancellationToken cancellationToken)
[xUnit.net 00:00:00.62]         C:\Users\Sinan\source\repos\MSBarbershop\MSBarbershop.Tests\ReservationServiceTests.cs(60,0): at MSBarbershop.Tests.ReservationServiceTests.CreateReservation_CreatesSuccessfully()
[xUnit.net 00:00:00.62]         --- End of stack trace from previous location ---
  Failed MSBarbershop.Tests.BarbersServiceTests.GetCompletedReservationsCount_ReturnsCorrectCount [325 ms]
  Error Message:
   Microsoft.EntityFrameworkCore.DbUpdateException : Required properties '{'UserId'}' are missing for the instance of entity type 'Reservation'. Consider using 'DbContextOptionsBuilder.EnableSensitiveDataLogging' to see the entity key value.
  Stack Trace:
     at Microsoft.EntityFrameworkCore.InMemory.Storage.Internal.InMemoryTable`1.ThrowNullabilityErrorException(IUpdateEntry entry, IList`1 nullabilityErrors)
   at Microsoft.EntityFrameworkCore.InMemory.Storage.Internal.InMemoryTable`1.Create(IUpdateEntry entry, IDiagnosticsLogger`1 updateLogger)
   at Microsoft.EntityFrameworkCore.InMemory.Storage.Internal.InMemoryStore.ExecuteTransaction(IList`1 entries, IDiagnosticsLogger`1 updateLogger)
   at Microsoft.EntityFrameworkCore.InMemory.Storage.Internal.InMemoryDatabase.SaveChangesAsync(IList`1 entries, CancellationToken cancellationToken)
   at Microsoft.EntityFrameworkCore.ChangeTracking.Internal.StateManager.SaveChangesAsync(IList`1 entriesToSave, CancellationToken cancellationToken)
   at Microsoft.EntityFrameworkCore.ChangeTracking.Internal.StateManager.SaveChangesAsync(StateManager stateManager, Boolean acceptAllChangesOnSuccess, CancellationToken cancellationToken)
   at Microsoft.EntityFrameworkCore.DbContext.SaveChangesAsync(Boolean acceptAllChangesOnSuccess, CancellationToken cancellationToken)
   at Microsoft.EntityFrameworkCore.DbContext.SaveChangesAsync(Boolean acceptAllChangesOnSuccess, CancellationToken cancellationToken)
   at MSBarbershop.Tests.BarbersServiceTests.GetCompletedReservationsCount_ReturnsCorrectCount() in C:\Users\Sinan\source\repos\MSBarbershop\MSBarbershop.Tests\BarbersServiceTests.cs:line 98
--- End of stack trace from previous location ---
  Failed MSBarbershop.Tests.ReservationServiceTests.GetUserReservations_ReturnsCorrectData [325 ms]
  Error Message:
   Microsoft.EntityFrameworkCore.DbUpdateException : Required properties '{'Description', 'ImageUrl', 'PhoneNumber'}' are missing for the instance of entity type 'Barber'. Consider using 'DbContextOptionsBuilder.EnableSensitiveDataLogging' to see the entity key value.
  Stack Trace:
     at Microsoft.EntityFrameworkCore.InMemory.Storage.Internal.InMemoryTable`1.ThrowNullabilityErrorException(IUpdateEntry entry, IList`1 nullabilityErrors)
   at Microsoft.EntityFrameworkCore.InMemory.Storage.Internal.InMemoryTable`1.Create(IUpdateEntry entry, IDiagnosticsLogger`1 updateLogger)
   at Microsoft.EntityFrameworkCore.InMemory.Storage.Internal.InMemoryStore.ExecuteTransaction(IList`1 entries, IDiagnosticsLogger`1 updateLogger)
   at Microsoft.EntityFrameworkCore.InMemory.Storage.Internal.InMemoryDatabase.SaveChangesAsync(IList`1 entries, CancellationToken cancellationToken)
   at Microsoft.EntityFrameworkCore.ChangeTracking.Internal.StateManager.SaveChangesAsync(IList`1 entriesToSave, CancellationToken cancellationToken)
   at Microsoft.EntityFrameworkCore.ChangeTracking.Internal.StateManager.SaveChangesAsync(StateManager stateManager, Boolean acceptAllChangesOnSuccess, CancellationToken cancellationToken)
   at Microsoft.EntityFrameworkCore.DbContext.SaveChangesAsync(Boolean acceptAllChangesOnSuccess, CancellationToken cancellationToken)
   at Microsoft.EntityFrameworkCore.DbContext.SaveChangesAsync(Boolean acceptAllChangesOnSuccess, CancellationToken cancellationToken)
   at MSBarbershop.Tests.ReservationServiceTests.GetUserReservations_ReturnsCorrectData() in C:\Users\Sinan\source\repos\MSBarbershop\MSBarbershop.Tests\ReservationServiceTests.cs:line 39
--- End of stack trace from previous location ---
  Passed MSBarbershop.Tests.ReviewServiceTests.CreateReview_WhenNotAllowed_ThrowsException [338 ms]
  Failed MSBarbershop.Tests.ReservationServiceTests.CreateReservation_CreatesSuccessfully [7 ms]
  Error Message:
   Microsoft.EntityFrameworkCore.DbUpdateException : Required properties '{'Description'}' are missing for the instance of entity type 'Service'. Consider using 'DbContextOptionsBuilder.EnableSensitiveDataLogging' to see the entity key value.
  Stack Trace:
     at Microsoft.EntityFrameworkCore.InMemory.Storage.Internal.InMemoryTable`1.ThrowNullabilityErrorException(IUpdateEntry entry, IList`1 nullabilityErrors)
   at Microsoft.EntityFrameworkCore.InMemory.Storage.Internal.InMemoryTable`1.Create(IUpdateEntry entry, IDiagnosticsLogger`1 updateLogger)
   at Microsoft.EntityFrameworkCore.InMemory.Storage.Internal.InMemoryStore.ExecuteTransaction(IList`1 entries, IDiagnosticsLogger`1 updateLogger)
   at Microsoft.EntityFrameworkCore.InMemory.Storage.Internal.InMemoryDatabase.SaveChangesAsync(IList`1 entries, CancellationToken cancellationToken)
   at Microsoft.EntityFrameworkCore.ChangeTracking.Internal.StateManager.SaveChangesAsync(IList`1 entriesToSave, CancellationToken cancellationToken)
   at Microsoft.EntityFrameworkCore.ChangeTracking.Internal.StateManager.SaveChangesAsync(StateManager stateManager, Boolean acceptAllChangesOnSuccess, CancellationToken cancellationToken)
   at Microsoft.EntityFrameworkCore.DbContext.SaveChangesAsync(Boolean acceptAllChangesOnSuccess, CancellationToken cancellationToken)
   at Microsoft.EntityFrameworkCore.DbContext.SaveChangesAsync(Boolean acceptAllChangesOnSuccess, CancellationToken cancellationToken)
   at MSBarbershop.Tests.ReservationServiceTests.CreateReservation_CreatesSuccessfully() in C:\Users\Sinan\source\repos\MSBarbershop\MSBarbershop.Tests\ReservationServiceTests.cs:line 60
--- End of stack trace from previous location ---
  Passed MSBarbershop.Tests.ReservationServiceTests.CreateReservation_WhenPastDate_ThrowsException [2 ms]
[xUnit.net 00:00:00.65]       Microsoft.EntityFrameworkCore.DbUpdateException : Required properties '{'UserId'}' are missing for the instance of entity type 'Reservation'. Consider using 'DbContextOptionsBuilder.EnableSensitiveDataLogging' to see the entity key value.
[xUnit.net 00:00:00.65]       Stack Trace:
[xUnit.net 00:00:00.65]            at Microsoft.EntityFrameworkCore.InMemory.Storage.Internal.InMemoryTable`1.ThrowNullabilityErrorException(IUpdateEntry entry, IList`1 nullabilityErrors)
[xUnit.net 00:00:00.65]            at Microsoft.EntityFrameworkCore.InMemory.Storage.Internal.InMemoryTable`1.Create(IUpdateEntry entry, IDiagnosticsLogger`1 updateLogger)
[xUnit.net 00:00:00.65]            at Microsoft.EntityFrameworkCore.InMemory.Storage.Internal.InMemoryStore.ExecuteTransaction(IList`1 entries, IDiagnosticsLogger`1 updateLogger)
[xUnit.net 00:00:00.65]            at Microsoft.EntityFrameworkCore.InMemory.Storage.Internal.InMemoryDatabase.SaveChangesAsync(IList`1 entries, CancellationToken cancellationToken)
[xUnit.net 00:00:00.65]            at Microsoft.EntityFrameworkCore.ChangeTracking.Internal.StateManager.SaveChangesAsync(IList`1 entriesToSave, CancellationToken cancellationToken)
[xUnit.net 00:00:00.65]            at Microsoft.EntityFrameworkCore.ChangeTracking.Internal.StateManager.SaveChangesAsync(StateManager stateManager, Boolean acceptAllChangesOnSuccess, CancellationToken cancellationToken)
[xUnit.net 00:00:00.65]            at Microsoft.EntityFrameworkCore.DbContext.SaveChangesAsync(Boolean acceptAllChangesOnSuccess, CancellationToken cancellationToken)
[xUnit.net 00:00:00.65]            at Microsoft.EntityFrameworkCore.DbContext.SaveChangesAsync(Boolean acceptAllChangesOnSuccess, CancellationToken cancellationToken)
[xUnit.net 00:00:00.65]         C:\Users\Sinan\source\repos\MSBarbershop\MSBarbershop.Tests\ReservationServiceTests.cs(135,0): at MSBarbershop.Tests.ReservationServiceTests.CompleteReservation_ChangesStatusToCompleted()
[xUnit.net 00:00:00.65]         --- End of stack trace from previous location ---
[xUnit.net 00:00:00.65]       Microsoft.EntityFrameworkCore.DbUpdateException : Required properties '{'UserId'}' are missing for the instance of entity type 'Reservation'. Consider using 'DbContextOptionsBuilder.EnableSensitiveDataLogging' to see the entity key value.
[xUnit.net 00:00:00.65]       Stack Trace:
[xUnit.net 00:00:00.65]            at Microsoft.EntityFrameworkCore.InMemory.Storage.Internal.InMemoryTable`1.ThrowNullabilityErrorException(IUpdateEntry entry, IList`1 nullabilityErrors)
[xUnit.net 00:00:00.65]            at Microsoft.EntityFrameworkCore.InMemory.Storage.Internal.InMemoryTable`1.Create(IUpdateEntry entry, IDiagnosticsLogger`1 updateLogger)
[xUnit.net 00:00:00.65]            at Microsoft.EntityFrameworkCore.InMemory.Storage.Internal.InMemoryStore.ExecuteTransaction(IList`1 entries, IDiagnosticsLogger`1 updateLogger)
[xUnit.net 00:00:00.65]            at Microsoft.EntityFrameworkCore.InMemory.Storage.Internal.InMemoryDatabase.SaveChangesAsync(IList`1 entries, CancellationToken cancellationToken)
[xUnit.net 00:00:00.65]            at Microsoft.EntityFrameworkCore.ChangeTracking.Internal.StateManager.SaveChangesAsync(IList`1 entriesToSave, CancellationToken cancellationToken)
[xUnit.net 00:00:00.65]            at Microsoft.EntityFrameworkCore.ChangeTracking.Internal.StateManager.SaveChangesAsync(StateManager stateManager, Boolean acceptAllChangesOnSuccess, CancellationToken cancellationToken)
[xUnit.net 00:00:00.65]            at Microsoft.EntityFrameworkCore.DbContext.SaveChangesAsync(Boolean acceptAllChangesOnSuccess, CancellationToken cancellationToken)
[xUnit.net 00:00:00.65]            at Microsoft.EntityFrameworkCore.DbContext.SaveChangesAsync(Boolean acceptAllChangesOnSuccess, CancellationToken cancellationToken)
[xUnit.net 00:00:00.65]         C:\Users\Sinan\source\repos\MSBarbershop\MSBarbershop.Tests\ReservationServiceTests.cs(112,0): at MSBarbershop.Tests.ReservationServiceTests.CancelReservation_ChangesStatusToCancelled()
[xUnit.net 00:00:00.65]         --- End of stack trace from previous location ---
[xUnit.net 00:00:00.65]       Microsoft.EntityFrameworkCore.DbUpdateException : Required properties '{'ImageUrl'}' are missing for the instance of entity type 'Barber'. Consider using 'DbContextOptionsBuilder.EnableSensitiveDataLogging' to see the entity key value.
[xUnit.net 00:00:00.65]       Stack Trace:
[xUnit.net 00:00:00.65]            at Microsoft.EntityFrameworkCore.InMemory.Storage.Internal.InMemoryTable`1.ThrowNullabilityErrorException(IUpdateEntry entry, IList`1 nullabilityErrors)
[xUnit.net 00:00:00.65]            at Microsoft.EntityFrameworkCore.InMemory.Storage.Internal.InMemoryTable`1.Create(IUpdateEntry entry, IDiagnosticsLogger`1 updateLogger)
[xUnit.net 00:00:00.65]            at Microsoft.EntityFrameworkCore.InMemory.Storage.Internal.InMemoryStore.ExecuteTransaction(IList`1 entries, IDiagnosticsLogger`1 updateLogger)
[xUnit.net 00:00:00.65]            at Microsoft.EntityFrameworkCore.InMemory.Storage.Internal.InMemoryDatabase.SaveChangesAsync(IList`1 entries, CancellationToken cancellationToken)
[xUnit.net 00:00:00.65]            at Microsoft.EntityFrameworkCore.ChangeTracking.Internal.StateManager.SaveChangesAsync(IList`1 entriesToSave, CancellationToken cancellationToken)
[xUnit.net 00:00:00.65]            at Microsoft.EntityFrameworkCore.ChangeTracking.Internal.StateManager.SaveChangesAsync(StateManager stateManager, Boolean acceptAllChangesOnSuccess, CancellationToken cancellationToken)
[xUnit.net 00:00:00.65]            at Microsoft.EntityFrameworkCore.DbContext.SaveChangesAsync(Boolean acceptAllChangesOnSuccess, CancellationToken cancellationToken)
[xUnit.net 00:00:00.65]            at Microsoft.EntityFrameworkCore.DbContext.SaveChangesAsync(Boolean acceptAllChangesOnSuccess, CancellationToken cancellationToken)
[xUnit.net 00:00:00.65]         C:\Users\Sinan\source\repos\MSBarbershop\MSBarbershop.Tests\BarbersServiceTests.cs(54,0): at MSBarbershop.Tests.BarbersServiceTests.GetBarberById_ReturnsCorrectBarber()
[xUnit.net 00:00:00.65]         --- End of stack trace from previous location ---
[xUnit.net 00:00:00.65]       Microsoft.EntityFrameworkCore.DbUpdateException : Required properties '{'Content', 'UserId'}' are missing for the instance of entity type 'Review'. Consider using 'DbContextOptionsBuilder.EnableSensitiveDataLogging' to see the entity key value.
[xUnit.net 00:00:00.65]       Stack Trace:
[xUnit.net 00:00:00.65]            at Microsoft.EntityFrameworkCore.InMemory.Storage.Internal.InMemoryTable`1.ThrowNullabilityErrorException(IUpdateEntry entry, IList`1 nullabilityErrors)
[xUnit.net 00:00:00.65]            at Microsoft.EntityFrameworkCore.InMemory.Storage.Internal.InMemoryTable`1.Create(IUpdateEntry entry, IDiagnosticsLogger`1 updateLogger)
[xUnit.net 00:00:00.65]            at Microsoft.EntityFrameworkCore.InMemory.Storage.Internal.InMemoryStore.ExecuteTransaction(IList`1 entries, IDiagnosticsLogger`1 updateLogger)
[xUnit.net 00:00:00.65]            at Microsoft.EntityFrameworkCore.InMemory.Storage.Internal.InMemoryDatabase.SaveChangesAsync(IList`1 entries, CancellationToken cancellationToken)
[xUnit.net 00:00:00.65]            at Microsoft.EntityFrameworkCore.ChangeTracking.Internal.StateManager.SaveChangesAsync(IList`1 entriesToSave, CancellationToken cancellationToken)
[xUnit.net 00:00:00.65]            at Microsoft.EntityFrameworkCore.ChangeTracking.Internal.StateManager.SaveChangesAsync(StateManager stateManager, Boolean acceptAllChangesOnSuccess, CancellationToken cancellationToken)
[xUnit.net 00:00:00.65]            at Microsoft.EntityFrameworkCore.DbContext.SaveChangesAsync(Boolean acceptAllChangesOnSuccess, CancellationToken cancellationToken)
[xUnit.net 00:00:00.65]            at Microsoft.EntityFrameworkCore.DbContext.SaveChangesAsync(Boolean acceptAllChangesOnSuccess, CancellationToken cancellationToken)
[xUnit.net 00:00:00.65]         C:\Users\Sinan\source\repos\MSBarbershop\MSBarbershop.Tests\ReviewServiceTests.cs(126,0): at MSBarbershop.Tests.ReviewServiceTests.DeleteReviewAsync_DeletesReview()
[xUnit.net 00:00:00.65]         --- End of stack trace from previous location ---
  Failed MSBarbershop.Tests.ReservationServiceTests.CompleteReservation_ChangesStatusToCompleted [< 1 ms]
  Error Message:
   Microsoft.EntityFrameworkCore.DbUpdateException : Required properties '{'UserId'}' are missing for the instance of entity type 'Reservation'. Consider using 'DbContextOptionsBuilder.EnableSensitiveDataLogging' to see the entity key value.
  Stack Trace:
     at Microsoft.EntityFrameworkCore.InMemory.Storage.Internal.InMemoryTable`1.ThrowNullabilityErrorException(IUpdateEntry entry, IList`1 nullabilityErrors)
   at Microsoft.EntityFrameworkCore.InMemory.Storage.Internal.InMemoryTable`1.Create(IUpdateEntry entry, IDiagnosticsLogger`1 updateLogger)
   at Microsoft.EntityFrameworkCore.InMemory.Storage.Internal.InMemoryStore.ExecuteTransaction(IList`1 entries, IDiagnosticsLogger`1 updateLogger)
   at Microsoft.EntityFrameworkCore.InMemory.Storage.Internal.InMemoryDatabase.SaveChangesAsync(IList`1 entries, CancellationToken cancellationToken)
   at Microsoft.EntityFrameworkCore.ChangeTracking.Internal.StateManager.SaveChangesAsync(IList`1 entriesToSave, CancellationToken cancellationToken)
   at Microsoft.EntityFrameworkCore.ChangeTracking.Internal.StateManager.SaveChangesAsync(StateManager stateManager, Boolean acceptAllChangesOnSuccess, CancellationToken cancellationToken)
   at Microsoft.EntityFrameworkCore.DbContext.SaveChangesAsync(Boolean acceptAllChangesOnSuccess, CancellationToken cancellationToken)
   at Microsoft.EntityFrameworkCore.DbContext.SaveChangesAsync(Boolean acceptAllChangesOnSuccess, CancellationToken cancellationToken)
   at MSBarbershop.Tests.ReservationServiceTests.CompleteReservation_ChangesStatusToCompleted() in C:\Users\Sinan\source\repos\MSBarbershop\MSBarbershop.Tests\ReservationServiceTests.cs:line 135
--- End of stack trace from previous location ---
  Passed MSBarbershop.Tests.BarbersServiceTests.GetBarberById_WhenNotFound_ReturnsNull [12 ms]
  Failed MSBarbershop.Tests.ReservationServiceTests.CancelReservation_ChangesStatusToCancelled [1 ms]
  Error Message:
   Microsoft.EntityFrameworkCore.DbUpdateException : Required properties '{'UserId'}' are missing for the instance of entity type 'Reservation'. Consider using 'DbContextOptionsBuilder.EnableSensitiveDataLogging' to see the entity key value.
  Stack Trace:
     at Microsoft.EntityFrameworkCore.InMemory.Storage.Internal.InMemoryTable`1.ThrowNullabilityErrorException(IUpdateEntry entry, IList`1 nullabilityErrors)
   at Microsoft.EntityFrameworkCore.InMemory.Storage.Internal.InMemoryTable`1.Create(IUpdateEntry entry, IDiagnosticsLogger`1 updateLogger)
   at Microsoft.EntityFrameworkCore.InMemory.Storage.Internal.InMemoryStore.ExecuteTransaction(IList`1 entries, IDiagnosticsLogger`1 updateLogger)
   at Microsoft.EntityFrameworkCore.InMemory.Storage.Internal.InMemoryDatabase.SaveChangesAsync(IList`1 entries, CancellationToken cancellationToken)
   at Microsoft.EntityFrameworkCore.ChangeTracking.Internal.StateManager.SaveChangesAsync(IList`1 entriesToSave, CancellationToken cancellationToken)
   at Microsoft.EntityFrameworkCore.ChangeTracking.Internal.StateManager.SaveChangesAsync(StateManager stateManager, Boolean acceptAllChangesOnSuccess, CancellationToken cancellationToken)
   at Microsoft.EntityFrameworkCore.DbContext.SaveChangesAsync(Boolean acceptAllChangesOnSuccess, CancellationToken cancellationToken)
   at Microsoft.EntityFrameworkCore.DbContext.SaveChangesAsync(Boolean acceptAllChangesOnSuccess, CancellationToken cancellationToken)
   at MSBarbershop.Tests.ReservationServiceTests.CancelReservation_ChangesStatusToCancelled() in C:\Users\Sinan\source\repos\MSBarbershop\MSBarbershop.Tests\ReservationServiceTests.cs:line 112
--- End of stack trace from previous location ---
  Failed MSBarbershop.Tests.BarbersServiceTests.GetBarberById_ReturnsCorrectBarber [< 1 ms]
  Error Message:
   Microsoft.EntityFrameworkCore.DbUpdateException : Required properties '{'ImageUrl'}' are missing for the instance of entity type 'Barber'. Consider using 'DbContextOptionsBuilder.EnableSensitiveDataLogging' to see the entity key value.
  Stack Trace:
     at Microsoft.EntityFrameworkCore.InMemory.Storage.Internal.InMemoryTable`1.ThrowNullabilityErrorException(IUpdateEntry entry, IList`1 nullabilityErrors)
   at Microsoft.EntityFrameworkCore.InMemory.Storage.Internal.InMemoryTable`1.Create(IUpdateEntry entry, IDiagnosticsLogger`1 updateLogger)
   at Microsoft.EntityFrameworkCore.InMemory.Storage.Internal.InMemoryStore.ExecuteTransaction(IList`1 entries, IDiagnosticsLogger`1 updateLogger)
   at Microsoft.EntityFrameworkCore.InMemory.Storage.Internal.InMemoryDatabase.SaveChangesAsync(IList`1 entries, CancellationToken cancellationToken)
   at Microsoft.EntityFrameworkCore.ChangeTracking.Internal.StateManager.SaveChangesAsync(IList`1 entriesToSave, CancellationToken cancellationToken)
   at Microsoft.EntityFrameworkCore.ChangeTracking.Internal.StateManager.SaveChangesAsync(StateManager stateManager, Boolean acceptAllChangesOnSuccess, CancellationToken cancellationToken)
   at Microsoft.EntityFrameworkCore.DbContext.SaveChangesAsync(Boolean acceptAllChangesOnSuccess, CancellationToken cancellationToken)
   at Microsoft.EntityFrameworkCore.DbContext.SaveChangesAsync(Boolean acceptAllChangesOnSuccess, CancellationToken cancellationToken)
   at MSBarbershop.Tests.BarbersServiceTests.GetBarberById_ReturnsCorrectBarber() in C:\Users\Sinan\source\repos\MSBarbershop\MSBarbershop.Tests\BarbersServiceTests.cs:line 54
--- End of stack trace from previous location ---
  Passed MSBarbershop.Tests.WorkScheduleServiceTests.Update_UpdatesWorkSchedule [349 ms]
  Failed MSBarbershop.Tests.ReviewServiceTests.DeleteReviewAsync_DeletesReview [11 ms]
  Error Message:
   Microsoft.EntityFrameworkCore.DbUpdateException : Required properties '{'Content', 'UserId'}' are missing for the instance of entity type 'Review'. Consider using 'DbContextOptionsBuilder.EnableSensitiveDataLogging' to see the entity key value.
  Stack Trace:
     at Microsoft.EntityFrameworkCore.InMemory.Storage.Internal.InMemoryTable`1.ThrowNullabilityErrorException(IUpdateEntry entry, IList`1 nullabilityErrors)
   at Microsoft.EntityFrameworkCore.InMemory.Storage.Internal.InMemoryTable`1.Create(IUpdateEntry entry, IDiagnosticsLogger`1 updateLogger)
   at Microsoft.EntityFrameworkCore.InMemory.Storage.Internal.InMemoryStore.ExecuteTransaction(IList`1 entries, IDiagnosticsLogger`1 updateLogger)
   at Microsoft.EntityFrameworkCore.InMemory.Storage.Internal.InMemoryDatabase.SaveChangesAsync(IList`1 entries, CancellationToken cancellationToken)
   at Microsoft.EntityFrameworkCore.ChangeTracking.Internal.StateManager.SaveChangesAsync(IList`1 entriesToSave, CancellationToken cancellationToken)
   at Microsoft.EntityFrameworkCore.ChangeTracking.Internal.StateManager.SaveChangesAsync(StateManager stateManager, Boolean acceptAllChangesOnSuccess, CancellationToken cancellationToken)
   at Microsoft.EntityFrameworkCore.DbContext.SaveChangesAsync(Boolean acceptAllChangesOnSuccess, CancellationToken cancellationToken)
   at Microsoft.EntityFrameworkCore.DbContext.SaveChangesAsync(Boolean acceptAllChangesOnSuccess, CancellationToken cancellationToken)
   at MSBarbershop.Tests.ReviewServiceTests.DeleteReviewAsync_DeletesReview() in C:\Users\Sinan\source\repos\MSBarbershop\MSBarbershop.Tests\ReviewServiceTests.cs:line 126
--- End of stack trace from previous location ---
  Passed MSBarbershop.Tests.ServiceServiceTests.Update_UpdatesService [354 ms]
[xUnit.net 00:00:00.65]       Microsoft.EntityFrameworkCore.DbUpdateException : Required properties '{'Description', 'ImageUrl', 'PhoneNumber'}' are missing for the instance of entity type 'Barber'. Consider using 'DbContextOptionsBuilder.EnableSensitiveDataLogging' to see the entity key value.
[xUnit.net 00:00:00.65]       Stack Trace:
[xUnit.net 00:00:00.65]            at Microsoft.EntityFrameworkCore.InMemory.Storage.Internal.InMemoryTable`1.ThrowNullabilityErrorException(IUpdateEntry entry, IList`1 nullabilityErrors)
[xUnit.net 00:00:00.65]            at Microsoft.EntityFrameworkCore.InMemory.Storage.Internal.InMemoryTable`1.Create(IUpdateEntry entry, IDiagnosticsLogger`1 updateLogger)
[xUnit.net 00:00:00.65]            at Microsoft.EntityFrameworkCore.InMemory.Storage.Internal.InMemoryStore.ExecuteTransaction(IList`1 entries, IDiagnosticsLogger`1 updateLogger)
[xUnit.net 00:00:00.65]            at Microsoft.EntityFrameworkCore.InMemory.Storage.Internal.InMemoryDatabase.SaveChangesAsync(IList`1 entries, CancellationToken cancellationToken)
[xUnit.net 00:00:00.65]            at Microsoft.EntityFrameworkCore.ChangeTracking.Internal.StateManager.SaveChangesAsync(IList`1 entriesToSave, CancellationToken cancellationToken)
[xUnit.net 00:00:00.65]            at Microsoft.EntityFrameworkCore.ChangeTracking.Internal.StateManager.SaveChangesAsync(StateManager stateManager, Boolean acceptAllChangesOnSuccess, CancellationToken cancellationToken)
[xUnit.net 00:00:00.65]            at Microsoft.EntityFrameworkCore.DbContext.SaveChangesAsync(Boolean acceptAllChangesOnSuccess, CancellationToken cancellationToken)
[xUnit.net 00:00:00.65]            at Microsoft.EntityFrameworkCore.DbContext.SaveChangesAsync(Boolean acceptAllChangesOnSuccess, CancellationToken cancellationToken)
[xUnit.net 00:00:00.65]         C:\Users\Sinan\source\repos\MSBarbershop\MSBarbershop.Tests\WorkScheduleServiceTests.cs(168,0): at MSBarbershop.Tests.WorkScheduleServiceTests.GetBarbersDropdown_ReturnsSelectListItems()
[xUnit.net 00:00:00.65]         --- End of stack trace from previous location ---
[xUnit.net 00:00:00.65]       Microsoft.EntityFrameworkCore.DbUpdateException : Required properties '{'ImageUrl'}' are missing for the instance of entity type 'Barber'. Consider using 'DbContextOptionsBuilder.EnableSensitiveDataLogging' to see the entity key value.
[xUnit.net 00:00:00.65]       Stack Trace:
[xUnit.net 00:00:00.65]            at Microsoft.EntityFrameworkCore.InMemory.Storage.Internal.InMemoryTable`1.ThrowNullabilityErrorException(IUpdateEntry entry, IList`1 nullabilityErrors)
[xUnit.net 00:00:00.65]            at Microsoft.EntityFrameworkCore.InMemory.Storage.Internal.InMemoryTable`1.Create(IUpdateEntry entry, IDiagnosticsLogger`1 updateLogger)
[xUnit.net 00:00:00.65]            at Microsoft.EntityFrameworkCore.InMemory.Storage.Internal.InMemoryStore.ExecuteTransaction(IList`1 entries, IDiagnosticsLogger`1 updateLogger)
[xUnit.net 00:00:00.65]            at Microsoft.EntityFrameworkCore.InMemory.Storage.Internal.InMemoryDatabase.SaveChangesAsync(IList`1 entries, CancellationToken cancellationToken)
[xUnit.net 00:00:00.65]            at Microsoft.EntityFrameworkCore.ChangeTracking.Internal.StateManager.SaveChangesAsync(IList`1 entriesToSave, CancellationToken cancellationToken)
[xUnit.net 00:00:00.65]            at Microsoft.EntityFrameworkCore.ChangeTracking.Internal.StateManager.SaveChangesAsync(StateManager stateManager, Boolean acceptAllChangesOnSuccess, CancellationToken cancellationToken)
[xUnit.net 00:00:00.65]            at Microsoft.EntityFrameworkCore.DbContext.SaveChangesAsync(Boolean acceptAllChangesOnSuccess, CancellationToken cancellationToken)
[xUnit.net 00:00:00.65]            at Microsoft.EntityFrameworkCore.DbContext.SaveChangesAsync(Boolean acceptAllChangesOnSuccess, CancellationToken cancellationToken)
[xUnit.net 00:00:00.65]         C:\Users\Sinan\source\repos\MSBarbershop\MSBarbershop.Core\Services\BarbersService.cs(53,0): at MSBarbershop.Core.Services.BarbersService.CreateBarber(CreateBarberViewModel model)
[xUnit.net 00:00:00.65]         C:\Users\Sinan\source\repos\MSBarbershop\MSBarbershop.Tests\BarbersServiceTests.cs(131,0): at MSBarbershop.Tests.BarbersServiceTests.CreateBarber_SuccessfullyAddsBarber()
[xUnit.net 00:00:00.65]         --- End of stack trace from previous location ---
[xUnit.net 00:00:00.65]       Microsoft.EntityFrameworkCore.DbUpdateException : Required properties '{'ImageUrl'}' are missing for the instance of entity type 'Barber'. Consider using 'DbContextOptionsBuilder.EnableSensitiveDataLogging' to see the entity key value.
[xUnit.net 00:00:00.65]       Stack Trace:
[xUnit.net 00:00:00.65]            at Microsoft.EntityFrameworkCore.InMemory.Storage.Internal.InMemoryTable`1.ThrowNullabilityErrorException(IUpdateEntry entry, IList`1 nullabilityErrors)
[xUnit.net 00:00:00.65]            at Microsoft.EntityFrameworkCore.InMemory.Storage.Internal.InMemoryTable`1.Create(IUpdateEntry entry, IDiagnosticsLogger`1 updateLogger)
[xUnit.net 00:00:00.65]            at Microsoft.EntityFrameworkCore.InMemory.Storage.Internal.InMemoryStore.ExecuteTransaction(IList`1 entries, IDiagnosticsLogger`1 updateLogger)
[xUnit.net 00:00:00.65]            at Microsoft.EntityFrameworkCore.InMemory.Storage.Internal.InMemoryDatabase.SaveChangesAsync(IList`1 entries, CancellationToken cancellationToken)
[xUnit.net 00:00:00.65]            at Microsoft.EntityFrameworkCore.ChangeTracking.Internal.StateManager.SaveChangesAsync(IList`1 entriesToSave, CancellationToken cancellationToken)
[xUnit.net 00:00:00.65]            at Microsoft.EntityFrameworkCore.ChangeTracking.Internal.StateManager.SaveChangesAsync(StateManager stateManager, Boolean acceptAllChangesOnSuccess, CancellationToken cancellationToken)
[xUnit.net 00:00:00.65]            at Microsoft.EntityFrameworkCore.DbContext.SaveChangesAsync(Boolean acceptAllChangesOnSuccess, CancellationToken cancellationToken)
[xUnit.net 00:00:00.65]            at Microsoft.EntityFrameworkCore.DbContext.SaveChangesAsync(Boolean acceptAllChangesOnSuccess, CancellationToken cancellationToken)
[xUnit.net 00:00:00.65]         C:\Users\Sinan\source\repos\MSBarbershop\MSBarbershop.Tests\BarbersServiceTests.cs(29,0): at MSBarbershop.Tests.BarbersServiceTests.GetAllBarbers_ReturnsAllBarbers()
[xUnit.net 00:00:00.65]         --- End of stack trace from previous location ---
[xUnit.net 00:00:00.65]       Microsoft.EntityFrameworkCore.DbUpdateException : Required properties '{'Description', 'ImageUrl', 'PhoneNumber'}' are missing for the instance of entity type 'Barber'. Consider using 'DbContextOptionsBuilder.EnableSensitiveDataLogging' to see the entity key value.
[xUnit.net 00:00:00.65]       Stack Trace:
[xUnit.net 00:00:00.65]            at Microsoft.EntityFrameworkCore.InMemory.Storage.Internal.InMemoryTable`1.ThrowNullabilityErrorException(IUpdateEntry entry, IList`1 nullabilityErrors)
[xUnit.net 00:00:00.65]            at Microsoft.EntityFrameworkCore.InMemory.Storage.Internal.InMemoryTable`1.Create(IUpdateEntry entry, IDiagnosticsLogger`1 updateLogger)
[xUnit.net 00:00:00.65]            at Microsoft.EntityFrameworkCore.InMemory.Storage.Internal.InMemoryStore.ExecuteTransaction(IList`1 entries, IDiagnosticsLogger`1 updateLogger)
[xUnit.net 00:00:00.65]            at Microsoft.EntityFrameworkCore.InMemory.Storage.Internal.InMemoryDatabase.SaveChangesAsync(IList`1 entries, CancellationToken cancellationToken)
[xUnit.net 00:00:00.65]            at Microsoft.EntityFrameworkCore.ChangeTracking.Internal.StateManager.SaveChangesAsync(IList`1 entriesToSave, CancellationToken cancellationToken)
[xUnit.net 00:00:00.65]            at Microsoft.EntityFrameworkCore.ChangeTracking.Internal.StateManager.SaveChangesAsync(StateManager stateManager, Boolean acceptAllChangesOnSuccess, CancellationToken cancellationToken)
[xUnit.net 00:00:00.65]            at Microsoft.EntityFrameworkCore.DbContext.SaveChangesAsync(Boolean acceptAllChangesOnSuccess, CancellationToken cancellationToken)
[xUnit.net 00:00:00.65]            at Microsoft.EntityFrameworkCore.DbContext.SaveChangesAsync(Boolean acceptAllChangesOnSuccess, CancellationToken cancellationToken)
[xUnit.net 00:00:00.65]         C:\Users\Sinan\source\repos\MSBarbershop\MSBarbershop.Tests\BarbersServiceTests.cs(193,0): at MSBarbershop.Tests.BarbersServiceTests.DeleteBarber_SuccessfullyRemovesBarber()
[xUnit.net 00:00:00.65]         --- End of stack trace from previous location ---
  Passed MSBarbershop.Tests.WorkScheduleServiceTests.Create_AddsWorkSchedule [5 ms]
  Failed MSBarbershop.Tests.WorkScheduleServiceTests.GetBarbersDropdown_ReturnsSelectListItems [1 ms]
  Error Message:
   Microsoft.EntityFrameworkCore.DbUpdateException : Required properties '{'Description', 'ImageUrl', 'PhoneNumber'}' are missing for the instance of entity type 'Barber'. Consider using 'DbContextOptionsBuilder.EnableSensitiveDataLogging' to see the entity key value.
  Stack Trace:
     at Microsoft.EntityFrameworkCore.InMemory.Storage.Internal.InMemoryTable`1.ThrowNullabilityErrorException(IUpdateEntry entry, IList`1 nullabilityErrors)
   at Microsoft.EntityFrameworkCore.InMemory.Storage.Internal.InMemoryTable`1.Create(IUpdateEntry entry, IDiagnosticsLogger`1 updateLogger)
   at Microsoft.EntityFrameworkCore.InMemory.Storage.Internal.InMemoryStore.ExecuteTransaction(IList`1 entries, IDiagnosticsLogger`1 updateLogger)
   at Microsoft.EntityFrameworkCore.InMemory.Storage.Internal.InMemoryDatabase.SaveChangesAsync(IList`1 entries, CancellationToken cancellationToken)
   at Microsoft.EntityFrameworkCore.ChangeTracking.Internal.StateManager.SaveChangesAsync(IList`1 entriesToSave, CancellationToken cancellationToken)
   at Microsoft.EntityFrameworkCore.ChangeTracking.Internal.StateManager.SaveChangesAsync(StateManager stateManager, Boolean acceptAllChangesOnSuccess, CancellationToken cancellationToken)
   at Microsoft.EntityFrameworkCore.DbContext.SaveChangesAsync(Boolean acceptAllChangesOnSuccess, CancellationToken cancellationToken)
   at Microsoft.EntityFrameworkCore.DbContext.SaveChangesAsync(Boolean acceptAllChangesOnSuccess, CancellationToken cancellationToken)
   at MSBarbershop.Tests.WorkScheduleServiceTests.GetBarbersDropdown_ReturnsSelectListItems() in C:\Users\Sinan\source\repos\MSBarbershop\MSBarbershop.Tests\WorkScheduleServiceTests.cs:line 168
--- End of stack trace from previous location ---
  Passed MSBarbershop.Tests.ServiceServiceTests.Exists_ReturnsTrueIfExists [2 ms]
  Failed MSBarbershop.Tests.BarbersServiceTests.CreateBarber_SuccessfullyAddsBarber [4 ms]
  Error Message:
   Microsoft.EntityFrameworkCore.DbUpdateException : Required properties '{'ImageUrl'}' are missing for the instance of entity type 'Barber'. Consider using 'DbContextOptionsBuilder.EnableSensitiveDataLogging' to see the entity key value.
  Stack Trace:
     at Microsoft.EntityFrameworkCore.InMemory.Storage.Internal.InMemoryTable`1.ThrowNullabilityErrorException(IUpdateEntry entry, IList`1 nullabilityErrors)
   at Microsoft.EntityFrameworkCore.InMemory.Storage.Internal.InMemoryTable`1.Create(IUpdateEntry entry, IDiagnosticsLogger`1 updateLogger)
   at Microsoft.EntityFrameworkCore.InMemory.Storage.Internal.InMemoryStore.ExecuteTransaction(IList`1 entries, IDiagnosticsLogger`1 updateLogger)
   at Microsoft.EntityFrameworkCore.InMemory.Storage.Internal.InMemoryDatabase.SaveChangesAsync(IList`1 entries, CancellationToken cancellationToken)
   at Microsoft.EntityFrameworkCore.ChangeTracking.Internal.StateManager.SaveChangesAsync(IList`1 entriesToSave, CancellationToken cancellationToken)
   at Microsoft.EntityFrameworkCore.ChangeTracking.Internal.StateManager.SaveChangesAsync(StateManager stateManager, Boolean acceptAllChangesOnSuccess, CancellationToken cancellationToken)
   at Microsoft.EntityFrameworkCore.DbContext.SaveChangesAsync(Boolean acceptAllChangesOnSuccess, CancellationToken cancellationToken)
   at Microsoft.EntityFrameworkCore.DbContext.SaveChangesAsync(Boolean acceptAllChangesOnSuccess, CancellationToken cancellationToken)
   at MSBarbershop.Core.Services.BarbersService.CreateBarber(CreateBarberViewModel model) in C:\Users\Sinan\source\repos\MSBarbershop\MSBarbershop.Core\Services\BarbersService.cs:line 53
   at MSBarbershop.Tests.BarbersServiceTests.CreateBarber_SuccessfullyAddsBarber() in C:\Users\Sinan\source\repos\MSBarbershop\MSBarbershop.Tests\BarbersServiceTests.cs:line 131
--- End of stack trace from previous location ---
  Failed MSBarbershop.Tests.BarbersServiceTests.GetAllBarbers_ReturnsAllBarbers [9 ms]
  Error Message:
   Microsoft.EntityFrameworkCore.DbUpdateException : Required properties '{'ImageUrl'}' are missing for the instance of entity type 'Barber'. Consider using 'DbContextOptionsBuilder.EnableSensitiveDataLogging' to see the entity key value.
  Stack Trace:
     at Microsoft.EntityFrameworkCore.InMemory.Storage.Internal.InMemoryTable`1.ThrowNullabilityErrorException(IUpdateEntry entry, IList`1 nullabilityErrors)
   at Microsoft.EntityFrameworkCore.InMemory.Storage.Internal.InMemoryTable`1.Create(IUpdateEntry entry, IDiagnosticsLogger`1 updateLogger)
   at Microsoft.EntityFrameworkCore.InMemory.Storage.Internal.InMemoryStore.ExecuteTransaction(IList`1 entries, IDiagnosticsLogger`1 updateLogger)
   at Microsoft.EntityFrameworkCore.InMemory.Storage.Internal.InMemoryDatabase.SaveChangesAsync(IList`1 entries, CancellationToken cancellationToken)
   at Microsoft.EntityFrameworkCore.ChangeTracking.Internal.StateManager.SaveChangesAsync(IList`1 entriesToSave, CancellationToken cancellationToken)
   at Microsoft.EntityFrameworkCore.ChangeTracking.Internal.StateManager.SaveChangesAsync(StateManager stateManager, Boolean acceptAllChangesOnSuccess, CancellationToken cancellationToken)
   at Microsoft.EntityFrameworkCore.DbContext.SaveChangesAsync(Boolean acceptAllChangesOnSuccess, CancellationToken cancellationToken)
   at Microsoft.EntityFrameworkCore.DbContext.SaveChangesAsync(Boolean acceptAllChangesOnSuccess, CancellationToken cancellationToken)
   at MSBarbershop.Tests.BarbersServiceTests.GetAllBarbers_ReturnsAllBarbers() in C:\Users\Sinan\source\repos\MSBarbershop\MSBarbershop.Tests\BarbersServiceTests.cs:line 29
--- End of stack trace from previous location ---
  Passed MSBarbershop.Tests.ServiceServiceTests.Create_AddsService [11 ms]
  Failed MSBarbershop.Tests.BarbersServiceTests.DeleteBarber_SuccessfullyRemovesBarber [< 1 ms]
  Error Message:
   Microsoft.EntityFrameworkCore.DbUpdateException : Required properties '{'Description', 'ImageUrl', 'PhoneNumber'}' are missing for the instance of entity type 'Barber'. Consider using 'DbContextOptionsBuilder.EnableSensitiveDataLogging' to see the entity key value.
  Stack Trace:
     at Microsoft.EntityFrameworkCore.InMemory.Storage.Internal.InMemoryTable`1.ThrowNullabilityErrorException(IUpdateEntry entry, IList`1 nullabilityErrors)
   at Microsoft.EntityFrameworkCore.InMemory.Storage.Internal.InMemoryTable`1.Create(IUpdateEntry entry, IDiagnosticsLogger`1 updateLogger)
   at Microsoft.EntityFrameworkCore.InMemory.Storage.Internal.InMemoryStore.ExecuteTransaction(IList`1 entries, IDiagnosticsLogger`1 updateLogger)
   at Microsoft.EntityFrameworkCore.InMemory.Storage.Internal.InMemoryDatabase.SaveChangesAsync(IList`1 entries, CancellationToken cancellationToken)
   at Microsoft.EntityFrameworkCore.ChangeTracking.Internal.StateManager.SaveChangesAsync(IList`1 entriesToSave, CancellationToken cancellationToken)
   at Microsoft.EntityFrameworkCore.ChangeTracking.Internal.StateManager.SaveChangesAsync(StateManager stateManager, Boolean acceptAllChangesOnSuccess, CancellationToken cancellationToken)
   at Microsoft.EntityFrameworkCore.DbContext.SaveChangesAsync(Boolean acceptAllChangesOnSuccess, CancellationToken cancellationToken)
   at Microsoft.EntityFrameworkCore.DbContext.SaveChangesAsync(Boolean acceptAllChangesOnSuccess, CancellationToken cancellationToken)
   at MSBarbershop.Tests.BarbersServiceTests.DeleteBarber_SuccessfullyRemovesBarber() in C:\Users\Sinan\source\repos\MSBarbershop\MSBarbershop.Tests\BarbersServiceTests.cs:line 193
--- End of stack trace from previous location ---
[xUnit.net 00:00:00.66]       Microsoft.EntityFrameworkCore.DbUpdateException : Required properties '{'ImageUrl'}' are missing for the instance of entity type 'Barber'. Consider using 'DbContextOptionsBuilder.EnableSensitiveDataLogging' to see the entity key value.
[xUnit.net 00:00:00.66]       Stack Trace:
[xUnit.net 00:00:00.66]            at Microsoft.EntityFrameworkCore.InMemory.Storage.Internal.InMemoryTable`1.ThrowNullabilityErrorException(IUpdateEntry entry, IList`1 nullabilityErrors)
[xUnit.net 00:00:00.66]            at Microsoft.EntityFrameworkCore.InMemory.Storage.Internal.InMemoryTable`1.Create(IUpdateEntry entry, IDiagnosticsLogger`1 updateLogger)
[xUnit.net 00:00:00.66]            at Microsoft.EntityFrameworkCore.InMemory.Storage.Internal.InMemoryStore.ExecuteTransaction(IList`1 entries, IDiagnosticsLogger`1 updateLogger)
[xUnit.net 00:00:00.66]            at Microsoft.EntityFrameworkCore.InMemory.Storage.Internal.InMemoryDatabase.SaveChangesAsync(IList`1 entries, CancellationToken cancellationToken)
[xUnit.net 00:00:00.66]            at Microsoft.EntityFrameworkCore.ChangeTracking.Internal.StateManager.SaveChangesAsync(IList`1 entriesToSave, CancellationToken cancellationToken)
[xUnit.net 00:00:00.66]            at Microsoft.EntityFrameworkCore.ChangeTracking.Internal.StateManager.SaveChangesAsync(StateManager stateManager, Boolean acceptAllChangesOnSuccess, CancellationToken cancellationToken)
[xUnit.net 00:00:00.66]            at Microsoft.EntityFrameworkCore.DbContext.SaveChangesAsync(Boolean acceptAllChangesOnSuccess, CancellationToken cancellationToken)
[xUnit.net 00:00:00.66]            at Microsoft.EntityFrameworkCore.DbContext.SaveChangesAsync(Boolean acceptAllChangesOnSuccess, CancellationToken cancellationToken)
[xUnit.net 00:00:00.66]         C:\Users\Sinan\source\repos\MSBarbershop\MSBarbershop.Tests\BarbersServiceTests.cs(154,0): at MSBarbershop.Tests.BarbersServiceTests.UpdateBarber_SuccessfullyUpdatesBarber()
[xUnit.net 00:00:00.66]         --- End of stack trace from previous location ---
[xUnit.net 00:00:00.66]       Microsoft.EntityFrameworkCore.DbUpdateException : Required properties '{'UserId'}' are missing for the instance of entity type 'Review'. Consider using 'DbContextOptionsBuilder.EnableSensitiveDataLogging' to see the entity key value.
[xUnit.net 00:00:00.66]       Stack Trace:
[xUnit.net 00:00:00.66]            at Microsoft.EntityFrameworkCore.InMemory.Storage.Internal.InMemoryTable`1.ThrowNullabilityErrorException(IUpdateEntry entry, IList`1 nullabilityErrors)
[xUnit.net 00:00:00.66]            at Microsoft.EntityFrameworkCore.InMemory.Storage.Internal.InMemoryTable`1.Create(IUpdateEntry entry, IDiagnosticsLogger`1 updateLogger)
[xUnit.net 00:00:00.66]            at Microsoft.EntityFrameworkCore.InMemory.Storage.Internal.InMemoryStore.ExecuteTransaction(IList`1 entries, IDiagnosticsLogger`1 updateLogger)
[xUnit.net 00:00:00.66]            at Microsoft.EntityFrameworkCore.InMemory.Storage.Internal.InMemoryDatabase.SaveChangesAsync(IList`1 entries, CancellationToken cancellationToken)
[xUnit.net 00:00:00.66]            at Microsoft.EntityFrameworkCore.ChangeTracking.Internal.StateManager.SaveChangesAsync(IList`1 entriesToSave, CancellationToken cancellationToken)
[xUnit.net 00:00:00.66]            at Microsoft.EntityFrameworkCore.ChangeTracking.Internal.StateManager.SaveChangesAsync(StateManager stateManager, Boolean acceptAllChangesOnSuccess, CancellationToken cancellationToken)
[xUnit.net 00:00:00.66]            at Microsoft.EntityFrameworkCore.DbContext.SaveChangesAsync(Boolean acceptAllChangesOnSuccess, CancellationToken cancellationToken)
[xUnit.net 00:00:00.66]            at Microsoft.EntityFrameworkCore.DbContext.SaveChangesAsync(Boolean acceptAllChangesOnSuccess, CancellationToken cancellationToken)
[xUnit.net 00:00:00.66]         C:\Users\Sinan\source\repos\MSBarbershop\MSBarbershop.Tests\ReviewServiceTests.cs(83,0): at MSBarbershop.Tests.ReviewServiceTests.GetApprovedReviews_ReturnsOnlyApproved()
[xUnit.net 00:00:00.66]         --- End of stack trace from previous location ---
[xUnit.net 00:00:00.66]       Microsoft.EntityFrameworkCore.DbUpdateException : Required properties '{'Content', 'UserId'}' are missing for the instance of entity type 'Review'. Consider using 'DbContextOptionsBuilder.EnableSensitiveDataLogging' to see the entity key value.
[xUnit.net 00:00:00.66]       Stack Trace:
[xUnit.net 00:00:00.66]            at Microsoft.EntityFrameworkCore.InMemory.Storage.Internal.InMemoryTable`1.ThrowNullabilityErrorException(IUpdateEntry entry, IList`1 nullabilityErrors)
[xUnit.net 00:00:00.66]            at Microsoft.EntityFrameworkCore.InMemory.Storage.Internal.InMemoryTable`1.Create(IUpdateEntry entry, IDiagnosticsLogger`1 updateLogger)
[xUnit.net 00:00:00.66]            at Microsoft.EntityFrameworkCore.InMemory.Storage.Internal.InMemoryStore.ExecuteTransaction(IList`1 entries, IDiagnosticsLogger`1 updateLogger)
[xUnit.net 00:00:00.66]            at Microsoft.EntityFrameworkCore.InMemory.Storage.Internal.InMemoryDatabase.SaveChangesAsync(IList`1 entries, CancellationToken cancellationToken)
[xUnit.net 00:00:00.66]            at Microsoft.EntityFrameworkCore.ChangeTracking.Internal.StateManager.SaveChangesAsync(IList`1 entriesToSave, CancellationToken cancellationToken)
[xUnit.net 00:00:00.66]            at Microsoft.EntityFrameworkCore.ChangeTracking.Internal.StateManager.SaveChangesAsync(StateManager stateManager, Boolean acceptAllChangesOnSuccess, CancellationToken cancellationToken)
[xUnit.net 00:00:00.66]            at Microsoft.EntityFrameworkCore.DbContext.SaveChangesAsync(Boolean acceptAllChangesOnSuccess, CancellationToken cancellationToken)
[xUnit.net 00:00:00.66]            at Microsoft.EntityFrameworkCore.DbContext.SaveChangesAsync(Boolean acceptAllChangesOnSuccess, CancellationToken cancellationToken)
[xUnit.net 00:00:00.66]         C:\Users\Sinan\source\repos\MSBarbershop\MSBarbershop.Tests\ReviewServiceTests.cs(103,0): at MSBarbershop.Tests.ReviewServiceTests.ApproveReviewAsync_ApprovesReview()
[xUnit.net 00:00:00.66]         --- End of stack trace from previous location ---
[xUnit.net 00:00:00.67]       Assert.NotNull() Failure: Value is null
[xUnit.net 00:00:00.67]       Stack Trace:
[xUnit.net 00:00:00.67]         C:\Users\Sinan\source\repos\MSBarbershop\MSBarbershop.Tests\WorkScheduleServiceTests.cs(57,0): at MSBarbershop.Tests.WorkScheduleServiceTests.GetById_ReturnsWorkSchedule()
[xUnit.net 00:00:00.67]         --- End of stack trace from previous location ---
  Failed MSBarbershop.Tests.BarbersServiceTests.UpdateBarber_SuccessfullyUpdatesBarber [< 1 ms]
  Error Message:
   Microsoft.EntityFrameworkCore.DbUpdateException : Required properties '{'ImageUrl'}' are missing for the instance of entity type 'Barber'. Consider using 'DbContextOptionsBuilder.EnableSensitiveDataLogging' to see the entity key value.
  Stack Trace:
     at Microsoft.EntityFrameworkCore.InMemory.Storage.Internal.InMemoryTable`1.ThrowNullabilityErrorException(IUpdateEntry entry, IList`1 nullabilityErrors)
   at Microsoft.EntityFrameworkCore.InMemory.Storage.Internal.InMemoryTable`1.Create(IUpdateEntry entry, IDiagnosticsLogger`1 updateLogger)
   at Microsoft.EntityFrameworkCore.InMemory.Storage.Internal.InMemoryStore.ExecuteTransaction(IList`1 entries, IDiagnosticsLogger`1 updateLogger)
   at Microsoft.EntityFrameworkCore.InMemory.Storage.Internal.InMemoryDatabase.SaveChangesAsync(IList`1 entries, CancellationToken cancellationToken)
   at Microsoft.EntityFrameworkCore.ChangeTracking.Internal.StateManager.SaveChangesAsync(IList`1 entriesToSave, CancellationToken cancellationToken)
   at Microsoft.EntityFrameworkCore.ChangeTracking.Internal.StateManager.SaveChangesAsync(StateManager stateManager, Boolean acceptAllChangesOnSuccess, CancellationToken cancellationToken)
   at Microsoft.EntityFrameworkCore.DbContext.SaveChangesAsync(Boolean acceptAllChangesOnSuccess, CancellationToken cancellationToken)
   at Microsoft.EntityFrameworkCore.DbContext.SaveChangesAsync(Boolean acceptAllChangesOnSuccess, CancellationToken cancellationToken)
   at MSBarbershop.Tests.BarbersServiceTests.UpdateBarber_SuccessfullyUpdatesBarber() in C:\Users\Sinan\source\repos\MSBarbershop\MSBarbershop.Tests\BarbersServiceTests.cs:line 154
--- End of stack trace from previous location ---
  Passed MSBarbershop.Tests.ReviewServiceTests.CreateReview_WithValidReservation_CreatesReview [24 ms]
  Failed MSBarbershop.Tests.ReviewServiceTests.GetApprovedReviews_ReturnsOnlyApproved [< 1 ms]
  Error Message:
   Microsoft.EntityFrameworkCore.DbUpdateException : Required properties '{'UserId'}' are missing for the instance of entity type 'Review'. Consider using 'DbContextOptionsBuilder.EnableSensitiveDataLogging' to see the entity key value.
  Stack Trace:
     at Microsoft.EntityFrameworkCore.InMemory.Storage.Internal.InMemoryTable`1.ThrowNullabilityErrorException(IUpdateEntry entry, IList`1 nullabilityErrors)
   at Microsoft.EntityFrameworkCore.InMemory.Storage.Internal.InMemoryTable`1.Create(IUpdateEntry entry, IDiagnosticsLogger`1 updateLogger)
   at Microsoft.EntityFrameworkCore.InMemory.Storage.Internal.InMemoryStore.ExecuteTransaction(IList`1 entries, IDiagnosticsLogger`1 updateLogger)
   at Microsoft.EntityFrameworkCore.InMemory.Storage.Internal.InMemoryDatabase.SaveChangesAsync(IList`1 entries, CancellationToken cancellationToken)
   at Microsoft.EntityFrameworkCore.ChangeTracking.Internal.StateManager.SaveChangesAsync(IList`1 entriesToSave, CancellationToken cancellationToken)
   at Microsoft.EntityFrameworkCore.ChangeTracking.Internal.StateManager.SaveChangesAsync(StateManager stateManager, Boolean acceptAllChangesOnSuccess, CancellationToken cancellationToken)
   at Microsoft.EntityFrameworkCore.DbContext.SaveChangesAsync(Boolean acceptAllChangesOnSuccess, CancellationToken cancellationToken)
   at Microsoft.EntityFrameworkCore.DbContext.SaveChangesAsync(Boolean acceptAllChangesOnSuccess, CancellationToken cancellationToken)
   at MSBarbershop.Tests.ReviewServiceTests.GetApprovedReviews_ReturnsOnlyApproved() in C:\Users\Sinan\source\repos\MSBarbershop\MSBarbershop.Tests\ReviewServiceTests.cs:line 83
--- End of stack trace from previous location ---
  Failed MSBarbershop.Tests.ReviewServiceTests.ApproveReviewAsync_ApprovesReview [< 1 ms]
  Error Message:
   Microsoft.EntityFrameworkCore.DbUpdateException : Required properties '{'Content', 'UserId'}' are missing for the instance of entity type 'Review'. Consider using 'DbContextOptionsBuilder.EnableSensitiveDataLogging' to see the entity key value.
  Stack Trace:
     at Microsoft.EntityFrameworkCore.InMemory.Storage.Internal.InMemoryTable`1.ThrowNullabilityErrorException(IUpdateEntry entry, IList`1 nullabilityErrors)
   at Microsoft.EntityFrameworkCore.InMemory.Storage.Internal.InMemoryTable`1.Create(IUpdateEntry entry, IDiagnosticsLogger`1 updateLogger)
   at Microsoft.EntityFrameworkCore.InMemory.Storage.Internal.InMemoryStore.ExecuteTransaction(IList`1 entries, IDiagnosticsLogger`1 updateLogger)
   at Microsoft.EntityFrameworkCore.InMemory.Storage.Internal.InMemoryDatabase.SaveChangesAsync(IList`1 entries, CancellationToken cancellationToken)
   at Microsoft.EntityFrameworkCore.ChangeTracking.Internal.StateManager.SaveChangesAsync(IList`1 entriesToSave, CancellationToken cancellationToken)
   at Microsoft.EntityFrameworkCore.ChangeTracking.Internal.StateManager.SaveChangesAsync(StateManager stateManager, Boolean acceptAllChangesOnSuccess, CancellationToken cancellationToken)
   at Microsoft.EntityFrameworkCore.DbContext.SaveChangesAsync(Boolean acceptAllChangesOnSuccess, CancellationToken cancellationToken)
   at Microsoft.EntityFrameworkCore.DbContext.SaveChangesAsync(Boolean acceptAllChangesOnSuccess, CancellationToken cancellationToken)
   at MSBarbershop.Tests.ReviewServiceTests.ApproveReviewAsync_ApprovesReview() in C:\Users\Sinan\source\repos\MSBarbershop\MSBarbershop.Tests\ReviewServiceTests.cs:line 103
--- End of stack trace from previous location ---
  Passed MSBarbershop.Tests.ServiceServiceTests.Delete_RemovesService [10 ms]
  Passed MSBarbershop.Tests.ServiceServiceTests.GetAll_ReturnsAllServices [4 ms]
  Passed MSBarbershop.Tests.ServiceServiceTests.GetById_ReturnsService [4 ms]
  Failed MSBarbershop.Tests.WorkScheduleServiceTests.GetById_ReturnsWorkSchedule [33 ms]
  Error Message:
   Assert.NotNull() Failure: Value is null
  Stack Trace:
     at MSBarbershop.Tests.WorkScheduleServiceTests.GetById_ReturnsWorkSchedule() in C:\Users\Sinan\source\repos\MSBarbershop\MSBarbershop.Tests\WorkScheduleServiceTests.cs:line 57
--- End of stack trace from previous location ---
  Passed MSBarbershop.Tests.WorkScheduleServiceTests.Exists_ReturnsTrueIfExists [3 ms]
[xUnit.net 00:00:00.68]       Microsoft.EntityFrameworkCore.DbUpdateException : Required properties '{'Description', 'ImageUrl', 'PhoneNumber'}' are missing for the instance of entity type 'Barber'. Consider using 'DbContextOptionsBuilder.EnableSensitiveDataLogging' to see the entity key value.
[xUnit.net 00:00:00.68]       Stack Trace:
[xUnit.net 00:00:00.68]            at Microsoft.EntityFrameworkCore.InMemory.Storage.Internal.InMemoryTable`1.ThrowNullabilityErrorException(IUpdateEntry entry, IList`1 nullabilityErrors)
[xUnit.net 00:00:00.68]            at Microsoft.EntityFrameworkCore.InMemory.Storage.Internal.InMemoryTable`1.Create(IUpdateEntry entry, IDiagnosticsLogger`1 updateLogger)
[xUnit.net 00:00:00.68]            at Microsoft.EntityFrameworkCore.InMemory.Storage.Internal.InMemoryStore.ExecuteTransaction(IList`1 entries, IDiagnosticsLogger`1 updateLogger)
[xUnit.net 00:00:00.68]            at Microsoft.EntityFrameworkCore.InMemory.Storage.Internal.InMemoryDatabase.SaveChangesAsync(IList`1 entries, CancellationToken cancellationToken)
[xUnit.net 00:00:00.68]            at Microsoft.EntityFrameworkCore.ChangeTracking.Internal.StateManager.SaveChangesAsync(IList`1 entriesToSave, CancellationToken cancellationToken)
[xUnit.net 00:00:00.68]            at Microsoft.EntityFrameworkCore.ChangeTracking.Internal.StateManager.SaveChangesAsync(StateManager stateManager, Boolean acceptAllChangesOnSuccess, CancellationToken cancellationToken)
[xUnit.net 00:00:00.68]            at Microsoft.EntityFrameworkCore.DbContext.SaveChangesAsync(Boolean acceptAllChangesOnSuccess, CancellationToken cancellationToken)
[xUnit.net 00:00:00.68]            at Microsoft.EntityFrameworkCore.DbContext.SaveChangesAsync(Boolean acceptAllChangesOnSuccess, CancellationToken cancellationToken)
[xUnit.net 00:00:00.68]         C:\Users\Sinan\source\repos\MSBarbershop\MSBarbershop.Tests\WorkScheduleServiceTests.cs(28,0): at MSBarbershop.Tests.WorkScheduleServiceTests.GetAll_ReturnsAllWorkSchedules()
[xUnit.net 00:00:00.68]         --- End of stack trace from previous location ---
[xUnit.net 00:00:00.68]   Finished:    MSBarbershop.Tests
  Passed MSBarbershop.Tests.WorkScheduleServiceTests.Delete_RemovesWorkSchedule [6 ms]
  Failed MSBarbershop.Tests.WorkScheduleServiceTests.GetAll_ReturnsAllWorkSchedules [1 ms]
  Error Message:
   Microsoft.EntityFrameworkCore.DbUpdateException : Required properties '{'Description', 'ImageUrl', 'PhoneNumber'}' are missing for the instance of entity type 'Barber'. Consider using 'DbContextOptionsBuilder.EnableSensitiveDataLogging' to see the entity key value.
  Stack Trace:
     at Microsoft.EntityFrameworkCore.InMemory.Storage.Internal.InMemoryTable`1.ThrowNullabilityErrorException(IUpdateEntry entry, IList`1 nullabilityErrors)
   at Microsoft.EntityFrameworkCore.InMemory.Storage.Internal.InMemoryTable`1.Create(IUpdateEntry entry, IDiagnosticsLogger`1 updateLogger)
   at Microsoft.EntityFrameworkCore.InMemory.Storage.Internal.InMemoryStore.ExecuteTransaction(IList`1 entries, IDiagnosticsLogger`1 updateLogger)
   at Microsoft.EntityFrameworkCore.InMemory.Storage.Internal.InMemoryDatabase.SaveChangesAsync(IList`1 entries, CancellationToken cancellationToken)
   at Microsoft.EntityFrameworkCore.ChangeTracking.Internal.StateManager.SaveChangesAsync(IList`1 entriesToSave, CancellationToken cancellationToken)
   at Microsoft.EntityFrameworkCore.ChangeTracking.Internal.StateManager.SaveChangesAsync(StateManager stateManager, Boolean acceptAllChangesOnSuccess, CancellationToken cancellationToken)
   at Microsoft.EntityFrameworkCore.DbContext.SaveChangesAsync(Boolean acceptAllChangesOnSuccess, CancellationToken cancellationToken)
   at Microsoft.EntityFrameworkCore.DbContext.SaveChangesAsync(Boolean acceptAllChangesOnSuccess, CancellationToken cancellationToken)
   at MSBarbershop.Tests.WorkScheduleServiceTests.GetAll_ReturnsAllWorkSchedules() in C:\Users\Sinan\source\repos\MSBarbershop\MSBarbershop.Tests\WorkScheduleServiceTests.cs:line 28
--- End of stack trace from previous location ---

Total tests: 30
     Passed: 14
     Failed: 16
 Total time: 1.0249 Seconds
